[2026-06-09 13:40:47Z INFO HostContext] No proxy settings were found based on environmental variables (http_proxy/https_proxy/HTTP_PROXY/HTTPS_PROXY)
[2026-06-09 13:40:47Z INFO HostContext] Well known directory 'Bin': 'C:\Users\vvaka\VisualStudio\repos\WorldBank.Automation.Solution\src\Automation.Framework\actions-runner\actions-runner-win-x64-2.334.0\bin'
[2026-06-09 13:40:47Z INFO HostContext] Well known directory 'Root': 'C:\Users\vvaka\VisualStudio\repos\WorldBank.Automation.Solution\src\Automation.Framework\actions-runner\actions-runner-win-x64-2.334.0'
[2026-06-09 13:40:47Z INFO HostContext] Well known config file 'Credentials': 'C:\Users\vvaka\VisualStudio\repos\WorldBank.Automation.Solution\src\Automation.Framework\actions-runner\actions-runner-win-x64-2.334.0\.credentials'
[2026-06-09 13:40:47Z INFO HostContext] Well known directory 'Bin': 'C:\Users\vvaka\VisualStudio\repos\WorldBank.Automation.Solution\src\Automation.Framework\actions-runner\actions-runner-win-x64-2.334.0\bin'
[2026-06-09 13:40:47Z INFO HostContext] Well known directory 'Root': 'C:\Users\vvaka\VisualStudio\repos\WorldBank.Automation.Solution\src\Automation.Framework\actions-runner\actions-runner-win-x64-2.334.0'
[2026-06-09 13:40:47Z INFO HostContext] Well known config file 'Runner': 'C:\Users\vvaka\VisualStudio\repos\WorldBank.Automation.Solution\src\Automation.Framework\actions-runner\actions-runner-win-x64-2.334.0\.runner'
[2026-06-09 13:40:47Z INFO Listener] Runner is built for Windows (X64) - win-x64.
[2026-06-09 13:40:47Z INFO Listener] RuntimeInformation: Microsoft Windows 10.0.26200.
[2026-06-09 13:40:47Z INFO Listener] Version: 2.334.0
[2026-06-09 13:40:47Z INFO Listener] Commit: f1995ede5d885c997d13d8eca5467c4ce97fe69c
[2026-06-09 13:40:47Z INFO Listener] Culture: en-US
[2026-06-09 13:40:47Z INFO Listener] UI Culture: en-US
[2026-06-09 13:40:47Z INFO HostContext] Well known directory 'Bin': 'C:\Users\vvaka\VisualStudio\repos\WorldBank.Automation.Solution\src\Automation.Framework\actions-runner\actions-runner-win-x64-2.334.0\bin'
[2026-06-09 13:40:47Z INFO HostContext] Well known directory 'Root': 'C:\Users\vvaka\VisualStudio\repos\WorldBank.Automation.Solution\src\Automation.Framework\actions-runner\actions-runner-win-x64-2.334.0'
[2026-06-09 13:40:47Z INFO Listener] Validating directory permissions for: 'C:\Users\vvaka\VisualStudio\repos\WorldBank.Automation.Solution\src\Automation.Framework\actions-runner\actions-runner-win-x64-2.334.0'
[2026-06-09 13:40:47Z INFO CommandLineParser] Parse
[2026-06-09 13:40:47Z INFO CommandLineParser] Parsing 2 args
[2026-06-09 13:40:47Z INFO CommandLineParser] parsing argument
[2026-06-09 13:40:47Z INFO CommandLineParser] HasArgs: False
[2026-06-09 13:40:47Z INFO CommandLineParser] Adding Command: run
[2026-06-09 13:40:47Z INFO CommandLineParser] parsing argument
[2026-06-09 13:40:47Z INFO CommandLineParser] HasArgs: False
[2026-06-09 13:40:47Z INFO CommandLineParser] Adding Command: cmd
[2026-06-09 13:40:47Z INFO Listener] Arguments parsed
[2026-06-09 13:40:47Z INFO CommandSettings] Command 'configure': 'False'
[2026-06-09 13:40:47Z INFO CommandSettings] Command 'remove': 'False'
[2026-06-09 13:40:47Z INFO CommandSettings] Command 'run': 'True'
[2026-06-09 13:40:47Z ERR  Terminal] WRITE ERROR: Unrecognized command-line input arguments for command run: 'cmd'. For usage refer to: .\config.cmd --help or ./config.sh --help
[2026-06-09 13:40:47Z INFO Runner] ExecuteCommand
[2026-06-09 13:40:47Z INFO ConfigurationStore] currentAssemblyLocation: C:\Users\vvaka\VisualStudio\repos\WorldBank.Automation.Solution\src\Automation.Framework\actions-runner\actions-runner-win-x64-2.334.0\bin\Runner.Listener.dll
[2026-06-09 13:40:47Z INFO HostContext] Well known directory 'Bin': 'C:\Users\vvaka\VisualStudio\repos\WorldBank.Automation.Solution\src\Automation.Framework\actions-runner\actions-runner-win-x64-2.334.0\bin'
[2026-06-09 13:40:47Z INFO ConfigurationStore] binPath: C:\Users\vvaka\VisualStudio\repos\WorldBank.Automation.Solution\src\Automation.Framework\actions-runner\actions-runner-win-x64-2.334.0\bin
[2026-06-09 13:40:47Z INFO HostContext] Well known directory 'Bin': 'C:\Users\vvaka\VisualStudio\repos\WorldBank.Automation.Solution\src\Automation.Framework\actions-runner\actions-runner-win-x64-2.334.0\bin'
[2026-06-09 13:40:47Z INFO HostContext] Well known directory 'Root': 'C:\Users\vvaka\VisualStudio\repos\WorldBank.Automation.Solution\src\Automation.Framework\actions-runner\actions-runner-win-x64-2.334.0'
[2026-06-09 13:40:47Z INFO ConfigurationStore] RootFolder: C:\Users\vvaka\VisualStudio\repos\WorldBank.Automation.Solution\src\Automation.Framework\actions-runner\actions-runner-win-x64-2.334.0
[2026-06-09 13:40:47Z INFO HostContext] Well known directory 'Bin': 'C:\Users\vvaka\VisualStudio\repos\WorldBank.Automation.Solution\src\Automation.Framework\actions-runner\actions-runner-win-x64-2.334.0\bin'
[2026-06-09 13:40:47Z INFO HostContext] Well known directory 'Root': 'C:\Users\vvaka\VisualStudio\repos\WorldBank.Automation.Solution\src\Automation.Framework\actions-runner\actions-runner-win-x64-2.334.0'
[2026-06-09 13:40:47Z INFO HostContext] Well known config file 'Runner': 'C:\Users\vvaka\VisualStudio\repos\WorldBank.Automation.Solution\src\Automation.Framework\actions-runner\actions-runner-win-x64-2.334.0\.runner'
[2026-06-09 13:40:47Z INFO ConfigurationStore] ConfigFilePath: C:\Users\vvaka\VisualStudio\repos\WorldBank.Automation.Solution\src\Automation.Framework\actions-runner\actions-runner-win-x64-2.334.0\.runner
[2026-06-09 13:40:47Z INFO HostContext] Well known directory 'Bin': 'C:\Users\vvaka\VisualStudio\repos\WorldBank.Automation.Solution\src\Automation.Framework\actions-runner\actions-runner-win-x64-2.334.0\bin'
[2026-06-09 13:40:47Z INFO HostContext] Well known directory 'Root': 'C:\Users\vvaka\VisualStudio\repos\WorldBank.Automation.Solution\src\Automation.Framework\actions-runner\actions-runner-win-x64-2.334.0'
[2026-06-09 13:40:47Z INFO HostContext] Well known config file 'MigratedRunner': 'C:\Users\vvaka\VisualStudio\repos\WorldBank.Automation.Solution\src\Automation.Framework\actions-runner\actions-runner-win-x64-2.334.0\.runner_migrated'
[2026-06-09 13:40:47Z INFO ConfigurationStore] MigratedConfigFilePath: C:\Users\vvaka\VisualStudio\repos\WorldBank.Automation.Solution\src\Automation.Framework\actions-runner\actions-runner-win-x64-2.334.0\.runner_migrated
[2026-06-09 13:40:47Z INFO HostContext] Well known directory 'Bin': 'C:\Users\vvaka\VisualStudio\repos\WorldBank.Automation.Solution\src\Automation.Framework\actions-runner\actions-runner-win-x64-2.334.0\bin'
[2026-06-09 13:40:47Z INFO HostContext] Well known directory 'Root': 'C:\Users\vvaka\VisualStudio\repos\WorldBank.Automation.Solution\src\Automation.Framework\actions-runner\actions-runner-win-x64-2.334.0'
[2026-06-09 13:40:47Z INFO HostContext] Well known config file 'Credentials': 'C:\Users\vvaka\VisualStudio\repos\WorldBank.Automation.Solution\src\Automation.Framework\actions-runner\actions-runner-win-x64-2.334.0\.credentials'
[2026-06-09 13:40:47Z INFO ConfigurationStore] CredFilePath: C:\Users\vvaka\VisualStudio\repos\WorldBank.Automation.Solution\src\Automation.Framework\actions-runner\actions-runner-win-x64-2.334.0\.credentials
[2026-06-09 13:40:47Z INFO HostContext] Well known directory 'Bin': 'C:\Users\vvaka\VisualStudio\repos\WorldBank.Automation.Solution\src\Automation.Framework\actions-runner\actions-runner-win-x64-2.334.0\bin'
[2026-06-09 13:40:47Z INFO HostContext] Well known directory 'Root': 'C:\Users\vvaka\VisualStudio\repos\WorldBank.Automation.Solution\src\Automation.Framework\actions-runner\actions-runner-win-x64-2.334.0'
[2026-06-09 13:40:47Z INFO HostContext] Well known config file 'MigratedCredentials': 'C:\Users\vvaka\VisualStudio\repos\WorldBank.Automation.Solution\src\Automation.Framework\actions-runner\actions-runner-win-x64-2.334.0\.credentials_migrated'
[2026-06-09 13:40:47Z INFO ConfigurationStore] MigratedCredFilePath: C:\Users\vvaka\VisualStudio\repos\WorldBank.Automation.Solution\src\Automation.Framework\actions-runner\actions-runner-win-x64-2.334.0\.credentials_migrated
[2026-06-09 13:40:47Z INFO HostContext] Well known directory 'Bin': 'C:\Users\vvaka\VisualStudio\repos\WorldBank.Automation.Solution\src\Automation.Framework\actions-runner\actions-runner-win-x64-2.334.0\bin'
[2026-06-09 13:40:47Z INFO HostContext] Well known directory 'Root': 'C:\Users\vvaka\VisualStudio\repos\WorldBank.Automation.Solution\src\Automation.Framework\actions-runner\actions-runner-win-x64-2.334.0'
[2026-06-09 13:40:47Z INFO HostContext] Well known config file 'Service': 'C:\Users\vvaka\VisualStudio\repos\WorldBank.Automation.Solution\src\Automation.Framework\actions-runner\actions-runner-win-x64-2.334.0\.service'
[2026-06-09 13:40:47Z INFO ConfigurationStore] ServiceConfigFilePath: C:\Users\vvaka\VisualStudio\repos\WorldBank.Automation.Solution\src\Automation.Framework\actions-runner\actions-runner-win-x64-2.334.0\.service
[2026-06-09 13:40:47Z INFO CommandSettings] Flag 'help': 'False'
[2026-06-09 13:40:47Z INFO CommandSettings] Flag 'version': 'False'
[2026-06-09 13:40:47Z INFO CommandSettings] Flag 'commit': 'False'
[2026-06-09 13:40:47Z INFO CommandSettings] Flag 'check': 'False'
[2026-06-09 13:40:47Z INFO CommandSettings] Command 'configure': 'False'
[2026-06-09 13:40:47Z INFO CommandSettings] Command 'remove': 'False'
[2026-06-09 13:40:47Z INFO CommandSettings] Command 'warmup': 'False'
[2026-06-09 13:40:47Z INFO ConfigurationManager] LoadSettings
[2026-06-09 13:40:47Z INFO ConfigurationStore] IsConfigured()
[2026-06-09 13:40:47Z INFO ConfigurationStore] IsConfigured: True
[2026-06-09 13:40:47Z INFO ConfigurationManager] Is configured: True
[2026-06-09 13:40:47Z INFO ConfigurationStore] Read setting file: 425 chars
[2026-06-09 13:40:47Z INFO ConfigurationManager] Settings Loaded
[2026-06-09 13:40:47Z INFO ConfigurationStore] IsServiceConfigured()
[2026-06-09 13:40:47Z INFO ConfigurationStore] IsServiceConfigured: True
[2026-06-09 13:40:47Z INFO CommandSettings] Command 'run': 'True'
[2026-06-09 13:40:47Z INFO ConfigurationStore] IsConfigured()
[2026-06-09 13:40:47Z INFO ConfigurationStore] IsConfigured: True
[2026-06-09 13:40:47Z INFO ConfigurationManager] Is configured: True
[2026-06-09 13:40:47Z INFO Runner] Try determine runner startup type base on console redirects.
[2026-06-09 13:40:47Z INFO Runner] Set runner startup type - Manual
[2026-06-09 13:40:47Z INFO CommandSettings] Flag 'once': 'False'
[2026-06-09 13:40:47Z INFO CommandSettings] Flag 'once': 'False'
[2026-06-09 13:40:47Z INFO Runner] RunAsync
[2026-06-09 13:40:47Z INFO HostContext] Well known directory 'Bin': 'C:\Users\vvaka\VisualStudio\repos\WorldBank.Automation.Solution\src\Automation.Framework\actions-runner\actions-runner-win-x64-2.334.0\bin'
[2026-06-09 13:40:47Z INFO HostContext] Well known directory 'Root': 'C:\Users\vvaka\VisualStudio\repos\WorldBank.Automation.Solution\src\Automation.Framework\actions-runner\actions-runner-win-x64-2.334.0'
[2026-06-09 13:40:47Z INFO HostContext] Well known directory 'Work': 'C:\Users\vvaka\VisualStudio\repos\WorldBank.Automation.Solution\src\Automation.Framework\actions-runner\actions-runner-win-x64-2.334.0\_work'
[2026-06-09 13:40:47Z INFO Runner] Validating directory permissions for: 'C:\Users\vvaka\VisualStudio\repos\WorldBank.Automation.Solution\src\Automation.Framework\actions-runner\actions-runner-win-x64-2.334.0\_work'
[2026-06-09 13:40:47Z INFO ConfigurationManager] LoadMigratedSettings
[2026-06-09 13:40:47Z INFO ConfigurationStore] IsMigratedConfigured()
[2026-06-09 13:40:47Z INFO ConfigurationStore] IsMigratedConfigured: False
[2026-06-09 13:40:47Z INFO Runner] Failed to load migrated settings: No migrated configuration found.
[2026-06-09 13:40:47Z INFO Runner] Falling back to original .runner settings
[2026-06-09 13:40:47Z INFO Runner] Using BrokerMessageListener
[2026-06-09 13:40:47Z INFO BrokerMessageListener] Using provided settings
[2026-06-09 13:40:47Z INFO BrokerMessageListener] {
  "AgentId": 21,
  "AgentName": "VVAKAREEV1",
  "PoolId": 1,
  "PoolName": "Default",
  "ServerUrl": "https://pipelinesghubeus15.actions.githubusercontent.com/C5Yqq7pk47k0t6JeP5CJzmKbW01XgyzXfxxYEL5K3dDpanzavo/",
  "GitHubUrl": "https://github.com/ViktorVakareev/WorldBank-Core-Automation-Playwrite",
  "WorkFolder": "_work",
  "UseV2Flow": true,
  "ServerUrlV2": "https://broker.actions.githubusercontent.com/"
}
[2026-06-09 13:40:47Z INFO BrokerMessageListener] Loading Credentials
[2026-06-09 13:40:47Z INFO ConfigurationStore] HasCredentials()
[2026-06-09 13:40:47Z INFO ConfigurationStore] stored True
[2026-06-09 13:40:47Z INFO CredentialManager] GetCredentialProvider
[2026-06-09 13:40:47Z INFO CredentialManager] Creating type OAuth
[2026-06-09 13:40:47Z INFO CredentialManager] Creating credential type: OAuth
[2026-06-09 13:40:47Z INFO HostContext] Well known directory 'Bin': 'C:\Users\vvaka\VisualStudio\repos\WorldBank.Automation.Solution\src\Automation.Framework\actions-runner\actions-runner-win-x64-2.334.0\bin'
[2026-06-09 13:40:47Z INFO HostContext] Well known directory 'Root': 'C:\Users\vvaka\VisualStudio\repos\WorldBank.Automation.Solution\src\Automation.Framework\actions-runner\actions-runner-win-x64-2.334.0'
[2026-06-09 13:40:47Z INFO HostContext] Well known config file 'RSACredentials': 'C:\Users\vvaka\VisualStudio\repos\WorldBank.Automation.Solution\src\Automation.Framework\actions-runner\actions-runner-win-x64-2.334.0\.credentials_rsaparams'
[2026-06-09 13:40:47Z INFO RSAEncryptedFileKeyManager] Loading RSA key parameters from file C:\Users\vvaka\VisualStudio\repos\WorldBank.Automation.Solution\src\Automation.Framework\actions-runner\actions-runner-win-x64-2.334.0\.credentials_rsaparams
[2026-06-09 13:40:47Z INFO BrokerMessageListener] Attempt to create session.
[2026-06-09 13:40:47Z INFO BrokerMessageListener] Connecting to the Broker Server...
[2026-06-09 13:40:47Z INFO ConfigurationStore] HasCredentials()
[2026-06-09 13:40:47Z INFO ConfigurationStore] stored True
[2026-06-09 13:40:47Z INFO CredentialManager] GetCredentialProvider
[2026-06-09 13:40:47Z INFO CredentialManager] Creating type OAuth
[2026-06-09 13:40:47Z INFO CredentialManager] Creating credential type: OAuth
[2026-06-09 13:40:47Z INFO RSAEncryptedFileKeyManager] Loading RSA key parameters from file C:\Users\vvaka\VisualStudio\repos\WorldBank.Automation.Solution\src\Automation.Framework\actions-runner\actions-runner-win-x64-2.334.0\.credentials_rsaparams
[2026-06-09 13:40:47Z INFO BrokerMessageListener] VssConnection created
[2026-06-09 13:40:47Z INFO BrokerMessageListener] Connecting to the Runner server...
[2026-06-09 13:40:47Z INFO RunnerServer] EstablishVssConnection
[2026-06-09 13:40:47Z INFO RunnerServer] Establish connection with 100 seconds timeout.
[2026-06-09 13:40:47Z INFO GitHubActionsService] Starting operation Location.GetConnectionData
[2026-06-09 13:40:47Z INFO RunnerServer] EstablishVssConnection
[2026-06-09 13:40:47Z INFO RunnerServer] Establish connection with 60 seconds timeout.
[2026-06-09 13:40:47Z INFO GitHubActionsService] Starting operation Location.GetConnectionData
[2026-06-09 13:40:47Z INFO RunnerServer] EstablishVssConnection
[2026-06-09 13:40:47Z INFO RunnerServer] Establish connection with 60 seconds timeout.
[2026-06-09 13:40:47Z INFO GitHubActionsService] Starting operation Location.GetConnectionData
[2026-06-09 13:40:47Z INFO GitHubActionsService] Finished operation Location.GetConnectionData
[2026-06-09 13:40:47Z INFO GitHubActionsService] Finished operation Location.GetConnectionData
[2026-06-09 13:40:47Z INFO GitHubActionsService] Finished operation Location.GetConnectionData
[2026-06-09 13:40:48Z INFO BrokerMessageListener] VssConnection created
[2026-06-09 13:40:48Z INFO Terminal] WRITE LINE: 
[2026-06-09 13:40:48Z INFO Terminal] WRITE LINE: 
[2026-06-09 13:40:48Z INFO RSAEncryptedFileKeyManager] Loading RSA key parameters from file C:\Users\vvaka\VisualStudio\repos\WorldBank.Automation.Solution\src\Automation.Framework\actions-runner\actions-runner-win-x64-2.334.0\.credentials_rsaparams
[2026-06-09 13:40:48Z INFO RSAEncryptedFileKeyManager] Loading RSA key parameters from file C:\Users\vvaka\VisualStudio\repos\WorldBank.Automation.Solution\src\Automation.Framework\actions-runner\actions-runner-win-x64-2.334.0\.credentials_rsaparams
[2026-06-09 13:40:48Z INFO GitHubActionsService] AAD Correlation ID for this token request: Unknown
[2026-06-09 13:40:49Z INFO BrokerMessageListener] Session created.
[2026-06-09 13:40:49Z INFO Terminal] WRITE LINE: Current runner version: '2.334.0'
[2026-06-09 13:40:49Z INFO Terminal] WRITE LINE: 2026-06-09 13:40:49Z: Listening for Jobs
[2026-06-09 13:40:49Z INFO JobDispatcher] Set runner/worker IPC timeout to 30 seconds.
[2026-06-09 13:40:49Z INFO BrokerMessageListener] Acknowledging runner request '3831458a-9941-56d6-a170-0d163c229210'.
[2026-06-09 13:40:49Z INFO ConfigurationStore] HasCredentials()
[2026-06-09 13:40:49Z INFO ConfigurationStore] stored True
[2026-06-09 13:40:49Z INFO CredentialManager] GetCredentialProvider
[2026-06-09 13:40:49Z INFO CredentialManager] Creating type OAuth
[2026-06-09 13:40:49Z INFO CredentialManager] Creating credential type: OAuth
[2026-06-09 13:40:49Z INFO RSAEncryptedFileKeyManager] Loading RSA key parameters from file C:\Users\vvaka\VisualStudio\repos\WorldBank.Automation.Solution\src\Automation.Framework\actions-runner\actions-runner-win-x64-2.334.0\.credentials_rsaparams
[2026-06-09 13:40:49Z INFO RSAEncryptedFileKeyManager] Loading RSA key parameters from file C:\Users\vvaka\VisualStudio\repos\WorldBank.Automation.Solution\src\Automation.Framework\actions-runner\actions-runner-win-x64-2.334.0\.credentials_rsaparams
[2026-06-09 13:40:49Z INFO RSAEncryptedFileKeyManager] Loading RSA key parameters from file C:\Users\vvaka\VisualStudio\repos\WorldBank.Automation.Solution\src\Automation.Framework\actions-runner\actions-runner-win-x64-2.334.0\.credentials_rsaparams
[2026-06-09 13:40:50Z INFO GitHubActionsService] AAD Correlation ID for this token request: Unknown
[2026-06-09 13:40:51Z INFO JobDispatcher] Job request 0 for plan 8ea6133f-daed-44ff-a4f2-b2d6af1bbd07 job 3831458a-9941-56d6-a170-0d163c229210 received.
[2026-06-09 13:40:51Z INFO JobDispatcher] Pull OrchestrationId 8ea6133f-daed-44ff-a4f2-b2d6af1bbd07.playwright-tests.__default from JWT claims
[2026-06-09 13:40:51Z INFO BrokerMessageListener] Received job status event. JobState: Busy
[2026-06-09 13:40:51Z INFO BrokerMessageListener] _getMessagesTokenSource is already disposed.
[2026-06-09 13:40:51Z INFO Terminal] WRITE LINE: 2026-06-09 13:40:51Z: Running job: playwright-tests
[2026-06-09 13:40:51Z INFO JobDispatcher] Start renew job request 0 for job 3831458a-9941-56d6-a170-0d163c229210.
[2026-06-09 13:40:51Z INFO JobDispatcher] Successfully renew job 3831458a-9941-56d6-a170-0d163c229210, job is valid till 6/9/2026 1:50:51 PM
[2026-06-09 13:40:51Z INFO HostContext] Well known directory 'Bin': 'C:\Users\vvaka\VisualStudio\repos\WorldBank.Automation.Solution\src\Automation.Framework\actions-runner\actions-runner-win-x64-2.334.0\bin'
[2026-06-09 13:40:51Z INFO ProcessInvokerWrapper] Starting process:
[2026-06-09 13:40:51Z INFO ProcessInvokerWrapper]   File name: 'C:\Users\vvaka\VisualStudio\repos\WorldBank.Automation.Solution\src\Automation.Framework\actions-runner\actions-runner-win-x64-2.334.0\bin\Runner.Worker.exe'
[2026-06-09 13:40:51Z INFO ProcessInvokerWrapper]   Arguments: 'spawnclient 2288 2300'
[2026-06-09 13:40:51Z INFO ProcessInvokerWrapper]   Working directory: 'C:\Users\vvaka\VisualStudio\repos\WorldBank.Automation.Solution\src\Automation.Framework\actions-runner\actions-runner-win-x64-2.334.0\bin'
[2026-06-09 13:40:51Z INFO ProcessInvokerWrapper]   Require exit code zero: 'False'
[2026-06-09 13:40:51Z INFO ProcessInvokerWrapper]   Encoding web name:  ; code page: ''
[2026-06-09 13:40:51Z INFO ProcessInvokerWrapper]   Force kill process on cancellation: 'True'
[2026-06-09 13:40:51Z INFO ProcessInvokerWrapper]   Redirected STDIN: 'False'
[2026-06-09 13:40:51Z INFO ProcessInvokerWrapper]   Persist current code page: 'False'
[2026-06-09 13:40:51Z INFO ProcessInvokerWrapper]   Keep redirected STDIN open: 'False'
[2026-06-09 13:40:51Z INFO ProcessInvokerWrapper]   High priority process: 'True'
[2026-06-09 13:40:51Z INFO ProcessInvokerWrapper] Process started with process id 44236, waiting for process exit.
[2026-06-09 13:40:51Z INFO JobDispatcher] Send job request message to worker for job 3831458a-9941-56d6-a170-0d163c229210.
[2026-06-09 13:40:51Z INFO ProcessChannel] Sending message of length 25665, with hash 'cc70e526a68916ff4a72af43b8efa029d31b9d0832d7514b3129dfa67d962bc8'
[2026-06-09 13:40:52Z INFO JobNotification] Entering JobStarted Notification
[2026-06-09 13:40:52Z INFO JobNotification] Entering StartMonitor
[2026-06-09 13:41:33Z INFO ProcessInvokerWrapper] STDOUT/STDERR stream read finished.
[2026-06-09 13:41:33Z INFO ProcessInvokerWrapper] STDOUT/STDERR stream read finished.
[2026-06-09 13:41:33Z INFO ProcessInvokerWrapper] Finished process 44236 with exit code 102, and elapsed time 00:00:42.0637994.
[2026-06-09 13:41:33Z INFO JobDispatcher] Worker finished for job 3831458a-9941-56d6-a170-0d163c229210. Code: 102
[2026-06-09 13:41:33Z INFO JobDispatcher] finish job request for job 3831458a-9941-56d6-a170-0d163c229210 with result: Failed
[2026-06-09 13:41:33Z INFO Terminal] WRITE LINE: 2026-06-09 13:41:33Z: Job playwright-tests completed with result: Failed
[2026-06-09 13:41:33Z INFO JobDispatcher] Stop renew job request for job 3831458a-9941-56d6-a170-0d163c229210.
[2026-06-09 13:41:33Z INFO JobDispatcher] job renew has been cancelled, stop renew job 3831458a-9941-56d6-a170-0d163c229210.
[2026-06-09 13:41:33Z INFO JobNotification] Entering JobCompleted Notification
[2026-06-09 13:41:33Z INFO JobNotification] Entering EndMonitor
[2026-06-09 13:41:33Z INFO BrokerMessageListener] Received job status event. JobState: Online
[2026-06-09 13:41:33Z WARN GitHubActionsService] GET request to https://broker.actions.githubusercontent.com/message?sessionId=6b6be613-6232-447e-b373-c74b4585ae7b&status=Busy&runnerVersion=2.334.0&os=Windows&architecture=X64&disableUpdate=false has been cancelled.
[2026-06-09 13:41:33Z ERR  BrokerServer] Catch exception during request
[2026-06-09 13:41:33Z ERR  BrokerServer] System.Threading.Tasks.TaskCanceledException: The operation was canceled.
 ---> System.Threading.Tasks.TaskCanceledException: The operation was canceled.
 ---> System.IO.IOException: Unable to read data from the transport connection: The I/O operation has been aborted because of either a thread exit or an application request..
 ---> System.Net.Sockets.SocketException (995): The I/O operation has been aborted because of either a thread exit or an application request.
   --- End of inner exception stack trace ---
   at System.Net.Sockets.Socket.AwaitableSocketAsyncEventArgs.ThrowException(SocketError error, CancellationToken cancellationToken)
   at System.Net.Sockets.Socket.AwaitableSocketAsyncEventArgs.System.Threading.Tasks.Sources.IValueTaskSource<System.Int32>.GetResult(Int16 token)
   at System.Net.Security.SslStream.EnsureFullTlsFrameAsync[TIOAdapter](CancellationToken cancellationToken, Int32 estimatedSize)
   at System.Runtime.CompilerServices.PoolingAsyncValueTaskMethodBuilder`1.StateMachineBox`1.System.Threading.Tasks.Sources.IValueTaskSource<TResult>.GetResult(Int16 token)
   at System.Net.Security.SslStream.ReadAsyncInternal[TIOAdapter](Memory`1 buffer, CancellationToken cancellationToken)
   at System.Runtime.CompilerServices.PoolingAsyncValueTaskMethodBuilder`1.StateMachineBox`1.System.Threading.Tasks.Sources.IValueTaskSource<TResult>.GetResult(Int16 token)
   at System.Net.Http.HttpConnection.SendAsync(HttpRequestMessage request, Boolean async, CancellationToken cancellationToken)
   --- End of inner exception stack trace ---
   at System.Net.Http.HttpConnection.SendAsync(HttpRequestMessage request, Boolean async, CancellationToken cancellationToken)
   at System.Net.Http.AuthenticationHelper.SendWithNtAuthAsync(HttpRequestMessage request, Uri authUri, Boolean async, ICredentials credentials, Boolean isProxyAuth, HttpConnection connection, HttpConnectionPool connectionPool, CancellationToken cancellationToken)
   at System.Net.Http.HttpConnectionPool.SendWithVersionDetectionAndRetryAsync(HttpRequestMessage request, Boolean async, Boolean doRequestAuth, CancellationToken cancellationToken)
   at System.Net.Http.AuthenticationHelper.SendWithAuthAsync(HttpRequestMessage request, Uri authUri, Boolean async, ICredentials credentials, Boolean preAuthenticate, Boolean isProxyAuth, Boolean doRequestAuth, HttpConnectionPool pool, CancellationToken cancellationToken)
   at System.Net.Http.RedirectHandler.SendAsync(HttpRequestMessage request, Boolean async, CancellationToken cancellationToken)
   at GitHub.Services.Common.RawHttpMessageHandler.SendAsync(HttpRequestMessage request, CancellationToken cancellationToken)
   at GitHub.Services.Common.VssHttpRetryMessageHandler.SendAsync(HttpRequestMessage request, CancellationToken cancellationToken)
   at System.Net.Http.HttpClient.<SendAsync>g__Core|83_0(HttpRequestMessage request, HttpCompletionOption completionOption, CancellationTokenSource cts, Boolean disposeCts, CancellationTokenSource pendingRequestsCts, CancellationToken originalCancellationToken)
   --- End of inner exception stack trace ---
   at System.Net.Http.HttpClient.HandleFailure(Exception e, Boolean telemetryStarted, HttpResponseMessage response, CancellationTokenSource cts, CancellationToken cancellationToken, CancellationTokenSource pendingRequestsCts)
   at System.Net.Http.HttpClient.<SendAsync>g__Core|83_0(HttpRequestMessage request, HttpCompletionOption completionOption, CancellationTokenSource cts, Boolean disposeCts, CancellationTokenSource pendingRequestsCts, CancellationToken originalCancellationToken)
   at Sdk.WebApi.WebApi.RawHttpClientBase.SendAsync(HttpRequestMessage message, HttpCompletionOption completionOption, Object userState, CancellationToken cancellationToken)
   at Sdk.WebApi.WebApi.RawHttpClientBase.SendAsync[T](HttpRequestMessage message, Boolean readErrorBody, Object userState, CancellationToken cancellationToken)
   at Sdk.WebApi.WebApi.RawHttpClientBase.SendAsync[T](HttpMethod method, IEnumerable`1 additionalHeaders, Uri requestUri, HttpContent content, IEnumerable`1 queryParameters, Boolean readErrorBody, Object userState, CancellationToken cancellationToken)
   at GitHub.Actions.RunService.WebApi.BrokerHttpClient.GetRunnerMessageAsync(Nullable`1 sessionId, String runnerVersion, Nullable`1 status, String os, String architecture, Nullable`1 disableUpdate, CancellationToken cancellationToken)
   at GitHub.Runner.Common.BrokerServer.<>c__DisplayClass7_0.<<GetRunnerMessageAsync>b__0>d.MoveNext()
--- End of stack trace from previous location ---
   at GitHub.Runner.Common.RunnerService.RetryRequest[T](Func`1 func, CancellationToken cancellationToken, Int32 maxAttempts, Func`2 shouldRetry)
[2026-06-09 13:41:33Z ERR  BrokerServer] #####################################################
[2026-06-09 13:41:33Z ERR  BrokerServer] System.Threading.Tasks.TaskCanceledException: The operation was canceled.
 ---> System.IO.IOException: Unable to read data from the transport connection: The I/O operation has been aborted because of either a thread exit or an application request..
 ---> System.Net.Sockets.SocketException (995): The I/O operation has been aborted because of either a thread exit or an application request.
   --- End of inner exception stack trace ---
   at System.Net.Sockets.Socket.AwaitableSocketAsyncEventArgs.ThrowException(SocketError error, CancellationToken cancellationToken)
   at System.Net.Sockets.Socket.AwaitableSocketAsyncEventArgs.System.Threading.Tasks.Sources.IValueTaskSource<System.Int32>.GetResult(Int16 token)
   at System.Net.Security.SslStream.EnsureFullTlsFrameAsync[TIOAdapter](CancellationToken cancellationToken, Int32 estimatedSize)
   at System.Runtime.CompilerServices.PoolingAsyncValueTaskMethodBuilder`1.StateMachineBox`1.System.Threading.Tasks.Sources.IValueTaskSource<TResult>.GetResult(Int16 token)
   at System.Net.Security.SslStream.ReadAsyncInternal[TIOAdapter](Memory`1 buffer, CancellationToken cancellationToken)
   at System.Runtime.CompilerServices.PoolingAsyncValueTaskMethodBuilder`1.StateMachineBox`1.System.Threading.Tasks.Sources.IValueTaskSource<TResult>.GetResult(Int16 token)
   at System.Net.Http.HttpConnection.SendAsync(HttpRequestMessage request, Boolean async, CancellationToken cancellationToken)
   --- End of inner exception stack trace ---
   at System.Net.Http.HttpConnection.SendAsync(HttpRequestMessage request, Boolean async, CancellationToken cancellationToken)
   at System.Net.Http.AuthenticationHelper.SendWithNtAuthAsync(HttpRequestMessage request, Uri authUri, Boolean async, ICredentials credentials, Boolean isProxyAuth, HttpConnection connection, HttpConnectionPool connectionPool, CancellationToken cancellationToken)
   at System.Net.Http.HttpConnectionPool.SendWithVersionDetectionAndRetryAsync(HttpRequestMessage request, Boolean async, Boolean doRequestAuth, CancellationToken cancellationToken)
   at System.Net.Http.AuthenticationHelper.SendWithAuthAsync(HttpRequestMessage request, Uri authUri, Boolean async, ICredentials credentials, Boolean preAuthenticate, Boolean isProxyAuth, Boolean doRequestAuth, HttpConnectionPool pool, CancellationToken cancellationToken)
   at System.Net.Http.RedirectHandler.SendAsync(HttpRequestMessage request, Boolean async, CancellationToken cancellationToken)
   at GitHub.Services.Common.RawHttpMessageHandler.SendAsync(HttpRequestMessage request, CancellationToken cancellationToken)
   at GitHub.Services.Common.VssHttpRetryMessageHandler.SendAsync(HttpRequestMessage request, CancellationToken cancellationToken)
   at System.Net.Http.HttpClient.<SendAsync>g__Core|83_0(HttpRequestMessage request, HttpCompletionOption completionOption, CancellationTokenSource cts, Boolean disposeCts, CancellationTokenSource pendingRequestsCts, CancellationToken originalCancellationToken)
[2026-06-09 13:41:33Z ERR  BrokerServer] #####################################################
[2026-06-09 13:41:33Z ERR  BrokerServer] System.IO.IOException: Unable to read data from the transport connection: The I/O operation has been aborted because of either a thread exit or an application request..
 ---> System.Net.Sockets.SocketException (995): The I/O operation has been aborted because of either a thread exit or an application request.
   --- End of inner exception stack trace ---
   at System.Net.Sockets.Socket.AwaitableSocketAsyncEventArgs.ThrowException(SocketError error, CancellationToken cancellationToken)
   at System.Net.Sockets.Socket.AwaitableSocketAsyncEventArgs.System.Threading.Tasks.Sources.IValueTaskSource<System.Int32>.GetResult(Int16 token)
   at System.Net.Security.SslStream.EnsureFullTlsFrameAsync[TIOAdapter](CancellationToken cancellationToken, Int32 estimatedSize)
   at System.Runtime.CompilerServices.PoolingAsyncValueTaskMethodBuilder`1.StateMachineBox`1.System.Threading.Tasks.Sources.IValueTaskSource<TResult>.GetResult(Int16 token)
   at System.Net.Security.SslStream.ReadAsyncInternal[TIOAdapter](Memory`1 buffer, CancellationToken cancellationToken)
   at System.Runtime.CompilerServices.PoolingAsyncValueTaskMethodBuilder`1.StateMachineBox`1.System.Threading.Tasks.Sources.IValueTaskSource<TResult>.GetResult(Int16 token)
   at System.Net.Http.HttpConnection.SendAsync(HttpRequestMessage request, Boolean async, CancellationToken cancellationToken)
[2026-06-09 13:41:33Z ERR  BrokerServer] #####################################################
[2026-06-09 13:41:33Z ERR  BrokerServer] System.Net.Sockets.SocketException (995): The I/O operation has been aborted because of either a thread exit or an application request.
[2026-06-09 13:41:33Z WARN BrokerServer] Back off 9.192 seconds before next retry. 4 attempt left.
[2026-06-09 13:41:33Z INFO BrokerMessageListener] Get messages has been cancelled using local token source. Continue to get messages with new status.
[2026-06-09 13:43:51Z INFO Terminal] WRITE LINE: Exiting...
[2026-06-09 13:43:51Z INFO ConfigurationStore] IsServiceConfigured()
[2026-06-09 13:43:51Z INFO ConfigurationStore] IsServiceConfigured: True
[2026-06-09 13:43:51Z INFO Runner] Received Ctrl-C signal, stop Runner.Listener and Runner.Worker.
[2026-06-09 13:43:51Z INFO HostContext] Runner will be shutdown for UserCancelled
[2026-06-09 13:43:51Z WARN GitHubActionsService] GET request to https://broker.actions.githubusercontent.com/message?sessionId=6b6be613-6232-447e-b373-c74b4585ae7b&status=Online&runnerVersion=2.334.0&os=Windows&architecture=X64&disableUpdate=false has been cancelled.
[2026-06-09 13:43:51Z ERR  BrokerServer] Catch exception during request
[2026-06-09 13:43:51Z ERR  BrokerServer] System.Threading.Tasks.TaskCanceledException: The operation was canceled.
 ---> System.Threading.Tasks.TaskCanceledException: The operation was canceled.
 ---> System.IO.IOException: Unable to read data from the transport connection: The I/O operation has been aborted because of either a thread exit or an application request..
 ---> System.Net.Sockets.SocketException (995): The I/O operation has been aborted because of either a thread exit or an application request.
   --- End of inner exception stack trace ---
   at System.Net.Sockets.Socket.AwaitableSocketAsyncEventArgs.ThrowException(SocketError error, CancellationToken cancellationToken)
   at System.Net.Sockets.Socket.AwaitableSocketAsyncEventArgs.System.Threading.Tasks.Sources.IValueTaskSource<System.Int32>.GetResult(Int16 token)
   at System.Net.Security.SslStream.EnsureFullTlsFrameAsync[TIOAdapter](CancellationToken cancellationToken, Int32 estimatedSize)
   at System.Runtime.CompilerServices.PoolingAsyncValueTaskMethodBuilder`1.StateMachineBox`1.System.Threading.Tasks.Sources.IValueTaskSource<TResult>.GetResult(Int16 token)
   at System.Net.Security.SslStream.ReadAsyncInternal[TIOAdapter](Memory`1 buffer, CancellationToken cancellationToken)
   at System.Runtime.CompilerServices.PoolingAsyncValueTaskMethodBuilder`1.StateMachineBox`1.System.Threading.Tasks.Sources.IValueTaskSource<TResult>.GetResult(Int16 token)
   at System.Net.Http.HttpConnection.SendAsync(HttpRequestMessage request, Boolean async, CancellationToken cancellationToken)
   --- End of inner exception stack trace ---
   at System.Net.Http.HttpConnection.SendAsync(HttpRequestMessage request, Boolean async, CancellationToken cancellationToken)
   at System.Net.Http.AuthenticationHelper.SendWithNtAuthAsync(HttpRequestMessage request, Uri authUri, Boolean async, ICredentials credentials, Boolean isProxyAuth, HttpConnection connection, HttpConnectionPool connectionPool, CancellationToken cancellationToken)
   at System.Net.Http.HttpConnectionPool.SendWithVersionDetectionAndRetryAsync(HttpRequestMessage request, Boolean async, Boolean doRequestAuth, CancellationToken cancellationToken)
   at System.Net.Http.AuthenticationHelper.SendWithAuthAsync(HttpRequestMessage request, Uri authUri, Boolean async, ICredentials credentials, Boolean preAuthenticate, Boolean isProxyAuth, Boolean doRequestAuth, HttpConnectionPool pool, CancellationToken cancellationToken)
   at System.Net.Http.RedirectHandler.SendAsync(HttpRequestMessage request, Boolean async, CancellationToken cancellationToken)
   at GitHub.Services.Common.RawHttpMessageHandler.SendAsync(HttpRequestMessage request, CancellationToken cancellationToken)
   at GitHub.Services.Common.VssHttpRetryMessageHandler.SendAsync(HttpRequestMessage request, CancellationToken cancellationToken)
   at System.Net.Http.HttpClient.<SendAsync>g__Core|83_0(HttpRequestMessage request, HttpCompletionOption completionOption, CancellationTokenSource cts, Boolean disposeCts, CancellationTokenSource pendingRequestsCts, CancellationToken originalCancellationToken)
   --- End of inner exception stack trace ---
   at System.Net.Http.HttpClient.HandleFailure(Exception e, Boolean telemetryStarted, HttpResponseMessage response, CancellationTokenSource cts, CancellationToken cancellationToken, CancellationTokenSource pendingRequestsCts)
   at System.Net.Http.HttpClient.<SendAsync>g__Core|83_0(HttpRequestMessage request, HttpCompletionOption completionOption, CancellationTokenSource cts, Boolean disposeCts, CancellationTokenSource pendingRequestsCts, CancellationToken originalCancellationToken)
   at Sdk.WebApi.WebApi.RawHttpClientBase.SendAsync(HttpRequestMessage message, HttpCompletionOption completionOption, Object userState, CancellationToken cancellationToken)
   at Sdk.WebApi.WebApi.RawHttpClientBase.SendAsync[T](HttpRequestMessage message, Boolean readErrorBody, Object userState, CancellationToken cancellationToken)
   at Sdk.WebApi.WebApi.RawHttpClientBase.SendAsync[T](HttpMethod method, IEnumerable`1 additionalHeaders, Uri requestUri, HttpContent content, IEnumerable`1 queryParameters, Boolean readErrorBody, Object userState, CancellationToken cancellationToken)
   at GitHub.Actions.RunService.WebApi.BrokerHttpClient.GetRunnerMessageAsync(Nullable`1 sessionId, String runnerVersion, Nullable`1 status, String os, String architecture, Nullable`1 disableUpdate, CancellationToken cancellationToken)
   at GitHub.Runner.Common.BrokerServer.<>c__DisplayClass7_0.<<GetRunnerMessageAsync>b__0>d.MoveNext()
--- End of stack trace from previous location ---
   at GitHub.Runner.Common.RunnerService.RetryRequest[T](Func`1 func, CancellationToken cancellationToken, Int32 maxAttempts, Func`2 shouldRetry)
[2026-06-09 13:43:51Z ERR  BrokerServer] #####################################################
[2026-06-09 13:43:51Z ERR  BrokerServer] System.Threading.Tasks.TaskCanceledException: The operation was canceled.
 ---> System.IO.IOException: Unable to read data from the transport connection: The I/O operation has been aborted because of either a thread exit or an application request..
 ---> System.Net.Sockets.SocketException (995): The I/O operation has been aborted because of either a thread exit or an application request.
   --- End of inner exception stack trace ---
   at System.Net.Sockets.Socket.AwaitableSocketAsyncEventArgs.ThrowException(SocketError error, CancellationToken cancellationToken)
   at System.Net.Sockets.Socket.AwaitableSocketAsyncEventArgs.System.Threading.Tasks.Sources.IValueTaskSource<System.Int32>.GetResult(Int16 token)
   at System.Net.Security.SslStream.EnsureFullTlsFrameAsync[TIOAdapter](CancellationToken cancellationToken, Int32 estimatedSize)
   at System.Runtime.CompilerServices.PoolingAsyncValueTaskMethodBuilder`1.StateMachineBox`1.System.Threading.Tasks.Sources.IValueTaskSource<TResult>.GetResult(Int16 token)
   at System.Net.Security.SslStream.ReadAsyncInternal[TIOAdapter](Memory`1 buffer, CancellationToken cancellationToken)
   at System.Runtime.CompilerServices.PoolingAsyncValueTaskMethodBuilder`1.StateMachineBox`1.System.Threading.Tasks.Sources.IValueTaskSource<TResult>.GetResult(Int16 token)
   at System.Net.Http.HttpConnection.SendAsync(HttpRequestMessage request, Boolean async, CancellationToken cancellationToken)
   --- End of inner exception stack trace ---
   at System.Net.Http.HttpConnection.SendAsync(HttpRequestMessage request, Boolean async, CancellationToken cancellationToken)
   at System.Net.Http.AuthenticationHelper.SendWithNtAuthAsync(HttpRequestMessage request, Uri authUri, Boolean async, ICredentials credentials, Boolean isProxyAuth, HttpConnection connection, HttpConnectionPool connectionPool, CancellationToken cancellationToken)
   at System.Net.Http.HttpConnectionPool.SendWithVersionDetectionAndRetryAsync(HttpRequestMessage request, Boolean async, Boolean doRequestAuth, CancellationToken cancellationToken)
   at System.Net.Http.AuthenticationHelper.SendWithAuthAsync(HttpRequestMessage request, Uri authUri, Boolean async, ICredentials credentials, Boolean preAuthenticate, Boolean isProxyAuth, Boolean doRequestAuth, HttpConnectionPool pool, CancellationToken cancellationToken)
   at System.Net.Http.RedirectHandler.SendAsync(HttpRequestMessage request, Boolean async, CancellationToken cancellationToken)
   at GitHub.Services.Common.RawHttpMessageHandler.SendAsync(HttpRequestMessage request, CancellationToken cancellationToken)
   at GitHub.Services.Common.VssHttpRetryMessageHandler.SendAsync(HttpRequestMessage request, CancellationToken cancellationToken)
   at System.Net.Http.HttpClient.<SendAsync>g__Core|83_0(HttpRequestMessage request, HttpCompletionOption completionOption, CancellationTokenSource cts, Boolean disposeCts, CancellationTokenSource pendingRequestsCts, CancellationToken originalCancellationToken)
[2026-06-09 13:43:51Z ERR  BrokerServer] #####################################################
[2026-06-09 13:43:51Z ERR  BrokerServer] System.IO.IOException: Unable to read data from the transport connection: The I/O operation has been aborted because of either a thread exit or an application request..
 ---> System.Net.Sockets.SocketException (995): The I/O operation has been aborted because of either a thread exit or an application request.
   --- End of inner exception stack trace ---
   at System.Net.Sockets.Socket.AwaitableSocketAsyncEventArgs.ThrowException(SocketError error, CancellationToken cancellationToken)
   at System.Net.Sockets.Socket.AwaitableSocketAsyncEventArgs.System.Threading.Tasks.Sources.IValueTaskSource<System.Int32>.GetResult(Int16 token)
   at System.Net.Security.SslStream.EnsureFullTlsFrameAsync[TIOAdapter](CancellationToken cancellationToken, Int32 estimatedSize)
   at System.Runtime.CompilerServices.PoolingAsyncValueTaskMethodBuilder`1.StateMachineBox`1.System.Threading.Tasks.Sources.IValueTaskSource<TResult>.GetResult(Int16 token)
   at System.Net.Security.SslStream.ReadAsyncInternal[TIOAdapter](Memory`1 buffer, CancellationToken cancellationToken)
   at System.Runtime.CompilerServices.PoolingAsyncValueTaskMethodBuilder`1.StateMachineBox`1.System.Threading.Tasks.Sources.IValueTaskSource<TResult>.GetResult(Int16 token)
   at System.Net.Http.HttpConnection.SendAsync(HttpRequestMessage request, Boolean async, CancellationToken cancellationToken)
[2026-06-09 13:43:51Z ERR  BrokerServer] #####################################################
[2026-06-09 13:43:51Z ERR  BrokerServer] System.Net.Sockets.SocketException (995): The I/O operation has been aborted because of either a thread exit or an application request.
[2026-06-09 13:43:51Z WARN BrokerServer] Back off 8.908 seconds before next retry. 4 attempt left.
[2026-06-09 13:43:51Z INFO BrokerMessageListener] Get next message has been cancelled.
[2026-06-09 13:43:51Z INFO JobDispatcher] Shutting down JobDispatcher. Make sure all WorkerDispatcher has finished.
[2026-06-09 13:43:51Z INFO JobDispatcher] Ensure WorkerDispatcher for job 3831458a-9941-56d6-a170-0d163c229210 run to finish, cancel any running job.
[2026-06-09 13:43:51Z INFO JobDispatcher] Job request 3831458a-9941-56d6-a170-0d163c229210 processed succeed.
[2026-06-09 13:43:51Z INFO Runner] Deleting Runner Session...
[2026-06-09 13:43:52Z INFO Listener] Runner execution been cancelled.
