[2026-06-09 13:09:39Z INFO HostContext] No proxy settings were found based on environmental variables (http_proxy/https_proxy/HTTP_PROXY/HTTPS_PROXY)
[2026-06-09 13:09:39Z INFO HostContext] Well known directory 'Bin': 'C:\Users\vvaka\VisualStudio\repos\WorldBank.Automation.Solution\src\Automation.Framework\actions-runner\actions-runner-win-x64-2.334.0\bin'
[2026-06-09 13:09:39Z INFO HostContext] Well known directory 'Root': 'C:\Users\vvaka\VisualStudio\repos\WorldBank.Automation.Solution\src\Automation.Framework\actions-runner\actions-runner-win-x64-2.334.0'
[2026-06-09 13:09:39Z INFO HostContext] Well known config file 'Credentials': 'C:\Users\vvaka\VisualStudio\repos\WorldBank.Automation.Solution\src\Automation.Framework\actions-runner\actions-runner-win-x64-2.334.0\.credentials'
[2026-06-09 13:09:39Z INFO HostContext] Well known directory 'Bin': 'C:\Users\vvaka\VisualStudio\repos\WorldBank.Automation.Solution\src\Automation.Framework\actions-runner\actions-runner-win-x64-2.334.0\bin'
[2026-06-09 13:09:39Z INFO HostContext] Well known directory 'Root': 'C:\Users\vvaka\VisualStudio\repos\WorldBank.Automation.Solution\src\Automation.Framework\actions-runner\actions-runner-win-x64-2.334.0'
[2026-06-09 13:09:39Z INFO HostContext] Well known config file 'Runner': 'C:\Users\vvaka\VisualStudio\repos\WorldBank.Automation.Solution\src\Automation.Framework\actions-runner\actions-runner-win-x64-2.334.0\.runner'
[2026-06-09 13:09:39Z INFO Listener] Runner is built for Windows (X64) - win-x64.
[2026-06-09 13:09:39Z INFO Listener] RuntimeInformation: Microsoft Windows 10.0.26200.
[2026-06-09 13:09:39Z INFO Listener] Version: 2.334.0
[2026-06-09 13:09:39Z INFO Listener] Commit: f1995ede5d885c997d13d8eca5467c4ce97fe69c
[2026-06-09 13:09:39Z INFO Listener] Culture: en-US
[2026-06-09 13:09:39Z INFO Listener] UI Culture: en-US
[2026-06-09 13:09:39Z INFO HostContext] Well known directory 'Bin': 'C:\Users\vvaka\VisualStudio\repos\WorldBank.Automation.Solution\src\Automation.Framework\actions-runner\actions-runner-win-x64-2.334.0\bin'
[2026-06-09 13:09:39Z INFO HostContext] Well known directory 'Root': 'C:\Users\vvaka\VisualStudio\repos\WorldBank.Automation.Solution\src\Automation.Framework\actions-runner\actions-runner-win-x64-2.334.0'
[2026-06-09 13:09:39Z INFO Listener] Validating directory permissions for: 'C:\Users\vvaka\VisualStudio\repos\WorldBank.Automation.Solution\src\Automation.Framework\actions-runner\actions-runner-win-x64-2.334.0'
[2026-06-09 13:09:39Z ERR  Terminal] WRITE ERROR: An error occurred: Permission to read the directory contents is required for 'C:\Users\vvaka\VisualStudio\repos\WorldBank.Automation.Solution\src\Automation.Framework\actions-runner\actions-runner-win-x64-2.334.0' and each directory up the hierarchy. Access to the path 'C:\Users\vvaka\VisualStudio\repos\WorldBank.Automation.Solution\src\Automation.Framework\actions-runner' is denied.
[2026-06-09 13:09:39Z ERR  Listener] System.UnauthorizedAccessException: Permission to read the directory contents is required for 'C:\Users\vvaka\VisualStudio\repos\WorldBank.Automation.Solution\src\Automation.Framework\actions-runner\actions-runner-win-x64-2.334.0' and each directory up the hierarchy. Access to the path 'C:\Users\vvaka\VisualStudio\repos\WorldBank.Automation.Solution\src\Automation.Framework\actions-runner' is denied.
 ---> System.UnauthorizedAccessException: Access to the path 'C:\Users\vvaka\VisualStudio\repos\WorldBank.Automation.Solution\src\Automation.Framework\actions-runner' is denied.
   at System.IO.Enumeration.FileSystemEnumerator`1.CreateDirectoryHandle(String path, Boolean ignoreNotFound)
   at System.IO.Enumeration.FileSystemEnumerator`1.Init()
   at System.IO.Enumeration.FileSystemEnumerable`1..ctor(String directory, FindTransform transform, EnumerationOptions options, Boolean isNormalized)
   at System.IO.Enumeration.FileSystemEnumerableFactory.UserEntries(String directory, String expression, EnumerationOptions options)
   at System.IO.Directory.InternalEnumeratePaths(String path, String searchPattern, SearchTarget searchTarget, EnumerationOptions options)
   at GitHub.Runner.Sdk.IOUtil.ValidateExecutePermission(String directory)
   --- End of inner exception stack trace ---
   at GitHub.Runner.Sdk.IOUtil.ValidateExecutePermission(String directory)
   at GitHub.Runner.Listener.Program.MainAsync(IHostContext context, String[] args)
[2026-06-09 13:09:39Z ERR  Listener] #####################################################
[2026-06-09 13:09:39Z ERR  Listener] System.UnauthorizedAccessException: Access to the path 'C:\Users\vvaka\VisualStudio\repos\WorldBank.Automation.Solution\src\Automation.Framework\actions-runner' is denied.
   at System.IO.Enumeration.FileSystemEnumerator`1.CreateDirectoryHandle(String path, Boolean ignoreNotFound)
   at System.IO.Enumeration.FileSystemEnumerator`1.Init()
   at System.IO.Enumeration.FileSystemEnumerable`1..ctor(String directory, FindTransform transform, EnumerationOptions options, Boolean isNormalized)
   at System.IO.Enumeration.FileSystemEnumerableFactory.UserEntries(String directory, String expression, EnumerationOptions options)
   at System.IO.Directory.InternalEnumeratePaths(String path, String searchPattern, SearchTarget searchTarget, EnumerationOptions options)
   at GitHub.Runner.Sdk.IOUtil.ValidateExecutePermission(String directory)
