[2026-06-09 13:06:34Z INFO HostContext] No proxy settings were found based on environmental variables (http_proxy/https_proxy/HTTP_PROXY/HTTPS_PROXY)
[2026-06-09 13:06:34Z INFO HostContext] Well known directory 'Bin': 'C:\Users\vvaka\VisualStudio\repos\WorldBank.Automation.Solution\src\Automation.Framework\actions-runner\actions-runner-win-x64-2.334.0\bin'
[2026-06-09 13:06:34Z INFO HostContext] Well known directory 'Root': 'C:\Users\vvaka\VisualStudio\repos\WorldBank.Automation.Solution\src\Automation.Framework\actions-runner\actions-runner-win-x64-2.334.0'
[2026-06-09 13:06:34Z INFO HostContext] Well known config file 'Credentials': 'C:\Users\vvaka\VisualStudio\repos\WorldBank.Automation.Solution\src\Automation.Framework\actions-runner\actions-runner-win-x64-2.334.0\.credentials'
[2026-06-09 13:06:34Z INFO HostContext] Well known directory 'Bin': 'C:\Users\vvaka\VisualStudio\repos\WorldBank.Automation.Solution\src\Automation.Framework\actions-runner\actions-runner-win-x64-2.334.0\bin'
[2026-06-09 13:06:34Z INFO HostContext] Well known directory 'Root': 'C:\Users\vvaka\VisualStudio\repos\WorldBank.Automation.Solution\src\Automation.Framework\actions-runner\actions-runner-win-x64-2.334.0'
[2026-06-09 13:06:34Z INFO HostContext] Well known config file 'Runner': 'C:\Users\vvaka\VisualStudio\repos\WorldBank.Automation.Solution\src\Automation.Framework\actions-runner\actions-runner-win-x64-2.334.0\.runner'
[2026-06-09 13:06:34Z INFO Listener] Runner is built for Windows (X64) - win-x64.
[2026-06-09 13:06:34Z INFO Listener] RuntimeInformation: Microsoft Windows 10.0.26200.
[2026-06-09 13:06:34Z INFO Listener] Version: 2.334.0
[2026-06-09 13:06:34Z INFO Listener] Commit: f1995ede5d885c997d13d8eca5467c4ce97fe69c
[2026-06-09 13:06:34Z INFO Listener] Culture: en-US
[2026-06-09 13:06:34Z INFO Listener] UI Culture: en-US
[2026-06-09 13:06:34Z INFO HostContext] Well known directory 'Bin': 'C:\Users\vvaka\VisualStudio\repos\WorldBank.Automation.Solution\src\Automation.Framework\actions-runner\actions-runner-win-x64-2.334.0\bin'
[2026-06-09 13:06:34Z INFO HostContext] Well known directory 'Root': 'C:\Users\vvaka\VisualStudio\repos\WorldBank.Automation.Solution\src\Automation.Framework\actions-runner\actions-runner-win-x64-2.334.0'
[2026-06-09 13:06:34Z INFO Listener] Validating directory permissions for: 'C:\Users\vvaka\VisualStudio\repos\WorldBank.Automation.Solution\src\Automation.Framework\actions-runner\actions-runner-win-x64-2.334.0'
[2026-06-09 13:06:34Z INFO CommandLineParser] Parse
[2026-06-09 13:06:34Z INFO CommandLineParser] Parsing 5 args
[2026-06-09 13:06:34Z INFO CommandLineParser] parsing argument
[2026-06-09 13:06:34Z INFO CommandLineParser] HasArgs: False
[2026-06-09 13:06:34Z INFO CommandLineParser] Adding Command: configure
[2026-06-09 13:06:34Z INFO CommandLineParser] parsing argument
[2026-06-09 13:06:34Z INFO CommandLineParser] HasArgs: True
[2026-06-09 13:06:34Z INFO CommandLineParser] arg: url
[2026-06-09 13:06:34Z INFO CommandLineParser] parsing argument
[2026-06-09 13:06:34Z INFO CommandLineParser] HasArgs: True
[2026-06-09 13:06:34Z INFO CommandLineParser] Adding option 'url': 'https://github.com/ViktorVakareev/WorldBank-Core-Automation-Playwrite'
[2026-06-09 13:06:34Z INFO CommandLineParser] parsing argument
[2026-06-09 13:06:34Z INFO CommandLineParser] HasArgs: True
[2026-06-09 13:06:34Z INFO CommandLineParser] arg: token
[2026-06-09 13:06:34Z INFO CommandLineParser] parsing argument
[2026-06-09 13:06:34Z INFO CommandLineParser] HasArgs: True
[2026-06-09 13:06:34Z INFO CommandLineParser] Adding option 'token': '***'
[2026-06-09 13:06:34Z INFO Listener] Arguments parsed
[2026-06-09 13:06:34Z INFO Runner] ExecuteCommand
[2026-06-09 13:06:34Z INFO ConfigurationStore] currentAssemblyLocation: C:\Users\vvaka\VisualStudio\repos\WorldBank.Automation.Solution\src\Automation.Framework\actions-runner\actions-runner-win-x64-2.334.0\bin\Runner.Listener.dll
[2026-06-09 13:06:34Z INFO HostContext] Well known directory 'Bin': 'C:\Users\vvaka\VisualStudio\repos\WorldBank.Automation.Solution\src\Automation.Framework\actions-runner\actions-runner-win-x64-2.334.0\bin'
[2026-06-09 13:06:34Z INFO ConfigurationStore] binPath: C:\Users\vvaka\VisualStudio\repos\WorldBank.Automation.Solution\src\Automation.Framework\actions-runner\actions-runner-win-x64-2.334.0\bin
[2026-06-09 13:06:34Z INFO HostContext] Well known directory 'Bin': 'C:\Users\vvaka\VisualStudio\repos\WorldBank.Automation.Solution\src\Automation.Framework\actions-runner\actions-runner-win-x64-2.334.0\bin'
[2026-06-09 13:06:34Z INFO HostContext] Well known directory 'Root': 'C:\Users\vvaka\VisualStudio\repos\WorldBank.Automation.Solution\src\Automation.Framework\actions-runner\actions-runner-win-x64-2.334.0'
[2026-06-09 13:06:34Z INFO ConfigurationStore] RootFolder: C:\Users\vvaka\VisualStudio\repos\WorldBank.Automation.Solution\src\Automation.Framework\actions-runner\actions-runner-win-x64-2.334.0
[2026-06-09 13:06:34Z INFO HostContext] Well known directory 'Bin': 'C:\Users\vvaka\VisualStudio\repos\WorldBank.Automation.Solution\src\Automation.Framework\actions-runner\actions-runner-win-x64-2.334.0\bin'
[2026-06-09 13:06:34Z INFO HostContext] Well known directory 'Root': 'C:\Users\vvaka\VisualStudio\repos\WorldBank.Automation.Solution\src\Automation.Framework\actions-runner\actions-runner-win-x64-2.334.0'
[2026-06-09 13:06:34Z INFO HostContext] Well known config file 'Runner': 'C:\Users\vvaka\VisualStudio\repos\WorldBank.Automation.Solution\src\Automation.Framework\actions-runner\actions-runner-win-x64-2.334.0\.runner'
[2026-06-09 13:06:34Z INFO ConfigurationStore] ConfigFilePath: C:\Users\vvaka\VisualStudio\repos\WorldBank.Automation.Solution\src\Automation.Framework\actions-runner\actions-runner-win-x64-2.334.0\.runner
[2026-06-09 13:06:34Z INFO HostContext] Well known directory 'Bin': 'C:\Users\vvaka\VisualStudio\repos\WorldBank.Automation.Solution\src\Automation.Framework\actions-runner\actions-runner-win-x64-2.334.0\bin'
[2026-06-09 13:06:34Z INFO HostContext] Well known directory 'Root': 'C:\Users\vvaka\VisualStudio\repos\WorldBank.Automation.Solution\src\Automation.Framework\actions-runner\actions-runner-win-x64-2.334.0'
[2026-06-09 13:06:34Z INFO HostContext] Well known config file 'MigratedRunner': 'C:\Users\vvaka\VisualStudio\repos\WorldBank.Automation.Solution\src\Automation.Framework\actions-runner\actions-runner-win-x64-2.334.0\.runner_migrated'
[2026-06-09 13:06:34Z INFO ConfigurationStore] MigratedConfigFilePath: C:\Users\vvaka\VisualStudio\repos\WorldBank.Automation.Solution\src\Automation.Framework\actions-runner\actions-runner-win-x64-2.334.0\.runner_migrated
[2026-06-09 13:06:34Z INFO HostContext] Well known directory 'Bin': 'C:\Users\vvaka\VisualStudio\repos\WorldBank.Automation.Solution\src\Automation.Framework\actions-runner\actions-runner-win-x64-2.334.0\bin'
[2026-06-09 13:06:34Z INFO HostContext] Well known directory 'Root': 'C:\Users\vvaka\VisualStudio\repos\WorldBank.Automation.Solution\src\Automation.Framework\actions-runner\actions-runner-win-x64-2.334.0'
[2026-06-09 13:06:34Z INFO HostContext] Well known config file 'Credentials': 'C:\Users\vvaka\VisualStudio\repos\WorldBank.Automation.Solution\src\Automation.Framework\actions-runner\actions-runner-win-x64-2.334.0\.credentials'
[2026-06-09 13:06:34Z INFO ConfigurationStore] CredFilePath: C:\Users\vvaka\VisualStudio\repos\WorldBank.Automation.Solution\src\Automation.Framework\actions-runner\actions-runner-win-x64-2.334.0\.credentials
[2026-06-09 13:06:34Z INFO HostContext] Well known directory 'Bin': 'C:\Users\vvaka\VisualStudio\repos\WorldBank.Automation.Solution\src\Automation.Framework\actions-runner\actions-runner-win-x64-2.334.0\bin'
[2026-06-09 13:06:34Z INFO HostContext] Well known directory 'Root': 'C:\Users\vvaka\VisualStudio\repos\WorldBank.Automation.Solution\src\Automation.Framework\actions-runner\actions-runner-win-x64-2.334.0'
[2026-06-09 13:06:34Z INFO HostContext] Well known config file 'MigratedCredentials': 'C:\Users\vvaka\VisualStudio\repos\WorldBank.Automation.Solution\src\Automation.Framework\actions-runner\actions-runner-win-x64-2.334.0\.credentials_migrated'
[2026-06-09 13:06:34Z INFO ConfigurationStore] MigratedCredFilePath: C:\Users\vvaka\VisualStudio\repos\WorldBank.Automation.Solution\src\Automation.Framework\actions-runner\actions-runner-win-x64-2.334.0\.credentials_migrated
[2026-06-09 13:06:34Z INFO HostContext] Well known directory 'Bin': 'C:\Users\vvaka\VisualStudio\repos\WorldBank.Automation.Solution\src\Automation.Framework\actions-runner\actions-runner-win-x64-2.334.0\bin'
[2026-06-09 13:06:34Z INFO HostContext] Well known directory 'Root': 'C:\Users\vvaka\VisualStudio\repos\WorldBank.Automation.Solution\src\Automation.Framework\actions-runner\actions-runner-win-x64-2.334.0'
[2026-06-09 13:06:34Z INFO HostContext] Well known config file 'Service': 'C:\Users\vvaka\VisualStudio\repos\WorldBank.Automation.Solution\src\Automation.Framework\actions-runner\actions-runner-win-x64-2.334.0\.service'
[2026-06-09 13:06:34Z INFO ConfigurationStore] ServiceConfigFilePath: C:\Users\vvaka\VisualStudio\repos\WorldBank.Automation.Solution\src\Automation.Framework\actions-runner\actions-runner-win-x64-2.334.0\.service
[2026-06-09 13:06:34Z INFO CommandSettings] Flag 'help': 'False'
[2026-06-09 13:06:34Z INFO CommandSettings] Flag 'version': 'False'
[2026-06-09 13:06:34Z INFO CommandSettings] Flag 'commit': 'False'
[2026-06-09 13:06:34Z INFO CommandSettings] Flag 'check': 'False'
[2026-06-09 13:06:34Z INFO CommandSettings] Command 'configure': 'True'
[2026-06-09 13:06:34Z INFO Terminal] WRITE LINE: 
[2026-06-09 13:06:34Z INFO Terminal] WRITE LINE: --------------------------------------------------------------------------------
[2026-06-09 13:06:34Z INFO Terminal] WRITE LINE: |        ____ _ _   _   _       _          _        _   _                      |
[2026-06-09 13:06:34Z INFO Terminal] WRITE LINE: |       / ___(_) |_| | | |_   _| |__      / \   ___| |_(_) ___  _ __  ___      |
[2026-06-09 13:06:34Z INFO Terminal] WRITE LINE: |      | |  _| | __| |_| | | | | '_ \    / _ \ / __| __| |/ _ \| '_ \/ __|     |
[2026-06-09 13:06:34Z INFO Terminal] WRITE LINE: |      | |_| | | |_|  _  | |_| | |_) |  / ___ \ (__| |_| | (_) | | | \__ \     |
[2026-06-09 13:06:34Z INFO Terminal] WRITE LINE: |       \____|_|\__|_| |_|\__,_|_.__/  /_/   \_\___|\__|_|\___/|_| |_|___/     |
[2026-06-09 13:06:34Z INFO Terminal] WRITE LINE: |                                                                              |
[2026-06-09 13:06:34Z INFO Terminal] WRITE: |                       
[2026-06-09 13:06:34Z INFO Terminal] WRITE: Self-hosted runner registration
[2026-06-09 13:06:34Z INFO Terminal] WRITE LINE:                         |
[2026-06-09 13:06:34Z INFO Terminal] WRITE LINE: |                                                                              |
[2026-06-09 13:06:34Z INFO Terminal] WRITE LINE: --------------------------------------------------------------------------------
[2026-06-09 13:06:34Z INFO ConfigurationManager] ConfigureAsync
[2026-06-09 13:06:34Z INFO CommandSettings] Flag 'generateServiceConfig': 'False'
[2026-06-09 13:06:34Z INFO ConfigurationStore] IsConfigured()
[2026-06-09 13:06:34Z INFO ConfigurationStore] IsConfigured: False
[2026-06-09 13:06:34Z INFO ConfigurationManager] Is configured: False
[2026-06-09 13:06:34Z INFO CommandSettings] Arg 'url': 'https://github.com/ViktorVakareev/WorldBank-Core-Automation-Playwrite'
[2026-06-09 13:06:34Z INFO CommandSettings] Remove url from Arg dictionary.
[2026-06-09 13:06:34Z INFO CommandSettings] Arg 'token': '***'
[2026-06-09 13:06:34Z INFO CommandSettings] Remove token from Arg dictionary.
[2026-06-09 13:06:35Z INFO ConfigurationManager] Http response code: OK from 'POST https://api.github.com/actions/runner-registration' (F5F0:242BE1:7E0EBE:786BA0:6A280FDA)
[2026-06-09 13:06:35Z INFO ConfigurationManager] Using runner-admin flow: False
[2026-06-09 13:06:35Z INFO ConfigurationManager] cred retrieved via GitHub auth
[2026-06-09 13:06:35Z INFO RunnerServer] EstablishVssConnection
[2026-06-09 13:06:35Z INFO RunnerServer] Establish connection with 100 seconds timeout.
[2026-06-09 13:06:35Z INFO GitHubActionsService] Starting operation Location.GetConnectionData
[2026-06-09 13:06:35Z INFO RunnerServer] EstablishVssConnection
[2026-06-09 13:06:35Z INFO RunnerServer] Establish connection with 60 seconds timeout.
[2026-06-09 13:06:35Z INFO GitHubActionsService] Starting operation Location.GetConnectionData
[2026-06-09 13:06:35Z INFO RunnerServer] EstablishVssConnection
[2026-06-09 13:06:35Z INFO RunnerServer] Establish connection with 60 seconds timeout.
[2026-06-09 13:06:35Z INFO GitHubActionsService] Starting operation Location.GetConnectionData
[2026-06-09 13:06:36Z INFO GitHubActionsService] Finished operation Location.GetConnectionData
[2026-06-09 13:06:36Z INFO GitHubActionsService] Finished operation Location.GetConnectionData
[2026-06-09 13:06:36Z INFO GitHubActionsService] Finished operation Location.GetConnectionData
[2026-06-09 13:06:36Z INFO Terminal] WRITE LINE: 
[2026-06-09 13:06:36Z INFO ConfigurationManager] Test Connection complete.
[2026-06-09 13:06:36Z INFO HostContext] Well known directory 'Bin': 'C:\Users\vvaka\VisualStudio\repos\WorldBank.Automation.Solution\src\Automation.Framework\actions-runner\actions-runner-win-x64-2.334.0\bin'
[2026-06-09 13:06:36Z INFO HostContext] Well known directory 'Root': 'C:\Users\vvaka\VisualStudio\repos\WorldBank.Automation.Solution\src\Automation.Framework\actions-runner\actions-runner-win-x64-2.334.0'
[2026-06-09 13:06:36Z INFO HostContext] Well known config file 'RSACredentials': 'C:\Users\vvaka\VisualStudio\repos\WorldBank.Automation.Solution\src\Automation.Framework\actions-runner\actions-runner-win-x64-2.334.0\.credentials_rsaparams'
[2026-06-09 13:06:36Z INFO RSAEncryptedFileKeyManager] Found existing RSA key parameters file C:\Users\vvaka\VisualStudio\repos\WorldBank.Automation.Solution\src\Automation.Framework\actions-runner\actions-runner-win-x64-2.334.0\.credentials_rsaparams
[2026-06-09 13:06:36Z INFO CommandSettings] Arg 'runnergroup': ''
[2026-06-09 13:06:36Z INFO CommandSettings] Flag 'unattended': 'False'
[2026-06-09 13:06:36Z INFO PromptManager] ReadValue
[2026-06-09 13:06:36Z INFO Terminal] WRITE: Enter the name of the runner group to add this runner to: 
[2026-06-09 13:06:36Z INFO Terminal] WRITE: [press Enter for Default] 
[2026-06-09 13:06:36Z INFO Terminal] READ LINE
[2026-06-09 13:09:05Z INFO Terminal] Read value: ''
[2026-06-09 13:09:05Z INFO PromptManager] Falling back to the default: 'Default'
[2026-06-09 13:09:05Z INFO Terminal] WRITE LINE: 
[2026-06-09 13:09:05Z INFO ConfigurationManager] Found a self-hosted runner group with id 1 and name Default
[2026-06-09 13:09:05Z INFO CommandSettings] Flag 'disableupdate': 'False'
[2026-06-09 13:09:05Z INFO CommandSettings] Flag 'ephemeral': 'False'
[2026-06-09 13:09:05Z INFO CommandSettings] Arg 'name': ''
[2026-06-09 13:09:05Z INFO CommandSettings] Flag 'unattended': 'False'
[2026-06-09 13:09:05Z INFO PromptManager] ReadValue
[2026-06-09 13:09:05Z INFO Terminal] WRITE: Enter the name of runner: 
[2026-06-09 13:09:05Z INFO Terminal] WRITE: [press Enter for VVAKAREEV1] 
[2026-06-09 13:09:05Z INFO Terminal] READ LINE
[2026-06-09 13:09:10Z INFO Terminal] Read value: ''
[2026-06-09 13:09:10Z INFO PromptManager] Falling back to the default: 'VVAKAREEV1'
[2026-06-09 13:09:10Z INFO Terminal] WRITE LINE: 
[2026-06-09 13:09:10Z INFO CommandSettings] Arg 'labels': ''
[2026-06-09 13:09:10Z INFO CommandSettings] Flag 'unattended': 'False'
[2026-06-09 13:09:10Z INFO PromptManager] ReadValue
[2026-06-09 13:09:10Z INFO Terminal] WRITE: This runner will have the following labels: 'self-hosted', 'Windows', 'X64' 
Enter any additional labels (ex. label-1,label-2): 
[2026-06-09 13:09:10Z INFO Terminal] WRITE: [press Enter to skip] 
[2026-06-09 13:09:10Z INFO Terminal] READ LINE
[2026-06-09 13:09:14Z INFO Terminal] Read value: ''
[2026-06-09 13:09:14Z INFO Terminal] WRITE LINE: 
[2026-06-09 13:09:15Z INFO CommandSettings] Flag 'disableupdate': 'False'
[2026-06-09 13:09:15Z INFO CommandSettings] Flag 'no-default-labels': 'False'
[2026-06-09 13:09:15Z INFO CommandSettings] Flag 'disableupdate': 'False'
[2026-06-09 13:09:15Z INFO CommandSettings] Flag 'ephemeral': 'False'
[2026-06-09 13:09:15Z INFO ConfigurationStore] Saving OAuth credential @ C:\Users\vvaka\VisualStudio\repos\WorldBank.Automation.Solution\src\Automation.Framework\actions-runner\actions-runner-win-x64-2.334.0\.credentials
[2026-06-09 13:09:15Z INFO ConfigurationStore] Credentials Saved.
[2026-06-09 13:09:15Z INFO ConfigurationManager] Service enforced serverUrlV2: https://broker.actions.githubusercontent.com/
[2026-06-09 13:09:15Z INFO ConfigurationManager] Service enforced useV2Flow: True
[2026-06-09 13:09:15Z INFO CommandSettings] Arg 'work': ''
[2026-06-09 13:09:15Z INFO CommandSettings] Flag 'unattended': 'False'
[2026-06-09 13:09:15Z INFO PromptManager] ReadValue
[2026-06-09 13:09:15Z INFO Terminal] WRITE: Enter name of work folder: 
[2026-06-09 13:09:15Z INFO Terminal] WRITE: [press Enter for _work] 
[2026-06-09 13:09:15Z INFO Terminal] READ LINE
[2026-06-09 13:09:23Z INFO Terminal] Read value: ''
[2026-06-09 13:09:23Z INFO PromptManager] Falling back to the default: '_work'
[2026-06-09 13:09:23Z INFO ConfigurationStore] Saving runner settings.
[2026-06-09 13:09:23Z INFO ConfigurationStore] Settings Saved.
[2026-06-09 13:09:23Z INFO Terminal] WRITE LINE: 
[2026-06-09 13:09:23Z INFO Terminal] WRITE LINE: 
[2026-06-09 13:09:23Z INFO CommandSettings] Flag 'runasservice': 'False'
[2026-06-09 13:09:23Z INFO CommandSettings] Flag 'unattended': 'False'
[2026-06-09 13:09:23Z INFO PromptManager] ReadValue
[2026-06-09 13:09:23Z INFO Terminal] WRITE: Would you like to run the runner as service? (Y/N) 
[2026-06-09 13:09:23Z INFO Terminal] WRITE: [press Enter for N] 
[2026-06-09 13:09:23Z INFO Terminal] READ LINE
[2026-06-09 13:09:32Z INFO Terminal] Read value: 'y'
[2026-06-09 13:09:32Z INFO ConfigurationManager] Configuring to run the agent as service
[2026-06-09 13:09:32Z INFO CommandSettings] Arg 'windowslogonaccount': ''
[2026-06-09 13:09:32Z INFO CommandSettings] Flag 'unattended': 'False'
[2026-06-09 13:09:32Z INFO PromptManager] ReadValue
[2026-06-09 13:09:32Z INFO Terminal] WRITE: User account to use for the service 
[2026-06-09 13:09:32Z INFO Terminal] WRITE: [press Enter for NT AUTHORITY\NETWORK SERVICE] 
[2026-06-09 13:09:32Z INFO Terminal] READ LINE
[2026-06-09 13:09:38Z INFO Terminal] Read value: ''
[2026-06-09 13:09:38Z INFO PromptManager] Falling back to the default: 'NT AUTHORITY\NETWORK SERVICE'
[2026-06-09 13:09:38Z INFO WindowsServiceControlManager] LogonAccount after transforming: NT AUTHORITY\NETWORK SERVICE, user: NETWORK SERVICE, domain: NT AUTHORITY
[2026-06-09 13:09:38Z INFO WindowsServiceControlManager] Service name 'actions.runner.ViktorVakareev-WorldBank-Core-Automation-Playwrite.VVAKAREEV1' display name 'GitHub Actions Runner (ViktorVakareev-WorldBank-Core-Automation-Playwrite.VVAKAREEV1)' will be used for service configuration.
[2026-06-09 13:09:38Z INFO WindowsServiceControlManager] Verifying if the account has LogonAsService permission
[2026-06-09 13:09:38Z INFO NativeWindowsServiceHelper] Successfully grant logon as service privilege to account 'NETWORK SERVICE'
[2026-06-09 13:09:38Z INFO WindowsServiceControlManager] Create local group and grant folder permission to service logon account.
[2026-06-09 13:09:38Z INFO HostContext] Well known directory 'Bin': 'C:\Users\vvaka\VisualStudio\repos\WorldBank.Automation.Solution\src\Automation.Framework\actions-runner\actions-runner-win-x64-2.334.0\bin'
[2026-06-09 13:09:38Z INFO HostContext] Well known directory 'Root': 'C:\Users\vvaka\VisualStudio\repos\WorldBank.Automation.Solution\src\Automation.Framework\actions-runner\actions-runner-win-x64-2.334.0'
[2026-06-09 13:09:38Z INFO ConfigurationStore] Read setting file: 425 chars
[2026-06-09 13:09:38Z INFO HostContext] Well known directory 'Bin': 'C:\Users\vvaka\VisualStudio\repos\WorldBank.Automation.Solution\src\Automation.Framework\actions-runner\actions-runner-win-x64-2.334.0\bin'
[2026-06-09 13:09:38Z INFO HostContext] Well known directory 'Root': 'C:\Users\vvaka\VisualStudio\repos\WorldBank.Automation.Solution\src\Automation.Framework\actions-runner\actions-runner-win-x64-2.334.0'
[2026-06-09 13:09:38Z INFO HostContext] Well known directory 'Work': 'C:\Users\vvaka\VisualStudio\repos\WorldBank.Automation.Solution\src\Automation.Framework\actions-runner\actions-runner-win-x64-2.334.0\_work'
[2026-06-09 13:09:38Z INFO HostContext] Well known directory 'Bin': 'C:\Users\vvaka\VisualStudio\repos\WorldBank.Automation.Solution\src\Automation.Framework\actions-runner\actions-runner-win-x64-2.334.0\bin'
[2026-06-09 13:09:38Z INFO NativeWindowsServiceHelper] Calculated unique group name GITHUB_ActionsRunner_Gcb5de
[2026-06-09 13:09:38Z INFO NativeWindowsServiceHelper] Trying to create group GITHUB_ActionsRunner_Gcb5de
[2026-06-09 13:09:38Z INFO NativeWindowsServiceHelper] Local Group 'GITHUB_ActionsRunner_Gcb5de' created
[2026-06-09 13:09:38Z INFO NativeWindowsServiceHelper] Trying to add userName NT AUTHORITY\NETWORK SERVICE to the group GITHUB_ActionsRunner_Gcb5de
[2026-06-09 13:09:38Z INFO NativeWindowsServiceHelper] Account 'NT AUTHORITY\NETWORK SERVICE' is added to local group 'GITHUB_ActionsRunner_Gcb5de'.
[2026-06-09 13:09:38Z INFO NativeWindowsServiceHelper] Set full access control to group for the folder C:\Users\vvaka\VisualStudio\repos\WorldBank.Automation.Solution\src\Automation.Framework\actions-runner\actions-runner-win-x64-2.334.0
[2026-06-09 13:09:38Z INFO NativeWindowsServiceHelper] Set full access control to group for the folder C:\Users\vvaka\VisualStudio\repos\WorldBank.Automation.Solution\src\Automation.Framework\actions-runner\actions-runner-win-x64-2.334.0\_work
[2026-06-09 13:09:38Z INFO NativeWindowsServiceHelper] Local group 'GITHUB_ActionsRunner_Gcb5de' already has full control to path 'C:\Users\vvaka\VisualStudio\repos\WorldBank.Automation.Solution\src\Automation.Framework\actions-runner\actions-runner-win-x64-2.334.0\_work'.
[2026-06-09 13:09:38Z INFO Terminal] WRITE LINE: Granting file permissions to 'NT AUTHORITY\NETWORK SERVICE'.
[2026-06-09 13:09:38Z INFO HostContext] Well known directory 'Bin': 'C:\Users\vvaka\VisualStudio\repos\WorldBank.Automation.Solution\src\Automation.Framework\actions-runner\actions-runner-win-x64-2.334.0\bin'
[2026-06-09 13:09:38Z INFO ProcessInvokerWrapper] Starting process:
[2026-06-09 13:09:38Z INFO ProcessInvokerWrapper]   File name: '"C:\Users\vvaka\VisualStudio\repos\WorldBank.Automation.Solution\src\Automation.Framework\actions-runner\actions-runner-win-x64-2.334.0\bin\RunnerService.exe"'
[2026-06-09 13:09:38Z INFO ProcessInvokerWrapper]   Arguments: 'init'
[2026-06-09 13:09:38Z INFO ProcessInvokerWrapper]   Working directory: ''
[2026-06-09 13:09:38Z INFO ProcessInvokerWrapper]   Require exit code zero: 'True'
[2026-06-09 13:09:38Z INFO ProcessInvokerWrapper]   Encoding web name:  ; code page: ''
[2026-06-09 13:09:38Z INFO ProcessInvokerWrapper]   Force kill process on cancellation: 'False'
[2026-06-09 13:09:38Z INFO ProcessInvokerWrapper]   Redirected STDIN: 'False'
[2026-06-09 13:09:38Z INFO ProcessInvokerWrapper]   Persist current code page: 'False'
[2026-06-09 13:09:38Z INFO ProcessInvokerWrapper]   Keep redirected STDIN open: 'False'
[2026-06-09 13:09:38Z INFO ProcessInvokerWrapper]   High priority process: 'False'
[2026-06-09 13:09:38Z INFO ProcessInvokerWrapper] Process started with process id 55860, waiting for process exit.
[2026-06-09 13:09:39Z INFO ProcessInvokerWrapper] STDOUT/STDERR stream read finished.
[2026-06-09 13:09:39Z INFO ProcessInvokerWrapper] STDOUT/STDERR stream read finished.
[2026-06-09 13:09:39Z INFO ProcessInvokerWrapper] Finished process 55860 with exit code 0, and elapsed time 00:00:00.4380450.
[2026-06-09 13:09:39Z INFO Terminal] WRITE LINE: Service actions.runner.ViktorVakareev-WorldBank-Core-Automation-Playwrite.VVAKAREEV1 successfully installed
[2026-06-09 13:09:39Z INFO Terminal] WRITE LINE: Service actions.runner.ViktorVakareev-WorldBank-Core-Automation-Playwrite.VVAKAREEV1 successfully set recovery option
[2026-06-09 13:09:39Z INFO Terminal] WRITE LINE: Service actions.runner.ViktorVakareev-WorldBank-Core-Automation-Playwrite.VVAKAREEV1 successfully set to delayed auto start
[2026-06-09 13:09:39Z INFO Terminal] WRITE LINE: Service actions.runner.ViktorVakareev-WorldBank-Core-Automation-Playwrite.VVAKAREEV1 successfully configured
[2026-06-09 13:09:39Z INFO HostContext] Well known directory 'Bin': 'C:\Users\vvaka\VisualStudio\repos\WorldBank.Automation.Solution\src\Automation.Framework\actions-runner\actions-runner-win-x64-2.334.0\bin'
[2026-06-09 13:09:39Z INFO HostContext] Well known directory 'Root': 'C:\Users\vvaka\VisualStudio\repos\WorldBank.Automation.Solution\src\Automation.Framework\actions-runner\actions-runner-win-x64-2.334.0'
[2026-06-09 13:09:39Z INFO HostContext] Well known config file 'Service': 'C:\Users\vvaka\VisualStudio\repos\WorldBank.Automation.Solution\src\Automation.Framework\actions-runner\actions-runner-win-x64-2.334.0\.service'
[2026-06-09 13:09:39Z INFO WindowsServiceControlManager] Configuration was successful, trying to start the service
[2026-06-09 13:09:39Z INFO Terminal] WRITE LINE: Waiting for service to start...
[2026-06-09 13:09:39Z INFO Terminal] WRITE LINE: Service actions.runner.ViktorVakareev-WorldBank-Core-Automation-Playwrite.VVAKAREEV1 started successfully
[2026-06-09 13:09:39Z INFO Listener] Runner execution has finished with return code 0
